main.c:110:5:main	24	static
main.c:188:6:SystemClock_Config	88	static
main.c:229:7:system_init	8	static
main.c:242:7:TestUart	8	static
main.c:254:7:UpdateTime	8	static
main.c:263:7:DisplayTime	24	static
main.c:386:7:SetUpTime	8	static
main.c:493:19:IsButtonSet	4	static
main.c:500:16:IsButtonMode	4	static
main.c:508:16:IsButtonUp	4	static
main.c:516:16:IsButtonDown	4	static
main.c:524:7:SetHour	24	static
main.c:546:7:SetMinute	24	static
main.c:567:7:SetSecond	24	static
main.c:589:7:SetDay	24	static
main.c:610:7:SetDate	24	static
main.c:631:7:SetMonth	24	static
main.c:652:7:SetYear	24	static
main.c:678:6:Error_Handler	4	static,ignoring_inline_asm
