main.c:106:5:main	8	static
main.c:168:6:SystemClock_Config	88	static
main.c:209:7:system_init	8	static
main.c:220:7:UpdateTime	8	static
main.c:229:7:DisplayTime	24	static
main.c:352:7:SetUpTime	8	static
main.c:459:19:IsButtonSet	4	static
main.c:466:16:IsButtonMode	4	static
main.c:474:16:IsButtonUp	4	static
main.c:482:16:IsButtonDown	4	static
main.c:490:7:SetHour	24	static
main.c:512:7:SetMinute	24	static
main.c:533:7:SetSecond	24	static
main.c:555:7:SetDay	24	static
main.c:576:7:SetDate	24	static
main.c:597:7:SetMonth	24	static
main.c:618:7:SetYear	24	static
main.c:644:6:Error_Handler	4	static,ignoring_inline_asm
